#
# There is insufficient memory for the Java Runtime Environment to continue.
# Native memory allocation (mmap) failed to map 130023424 bytes for G1 virtual space
# Possible reasons:
#   The system is out of physical RAM or swap space
#   The process is running with CompressedOops enabled, and the Java Heap may be blocking the growth of the native heap
# Possible solutions:
#   Reduce memory load on the system
#   Increase physical memory or swap space
#   Check if swap backing store is full
#   Decrease Java heap size (-Xmx/-Xms)
#   Decrease number of Java threads
#   Decrease Java thread stack sizes (-Xss)
#   Set larger code cache with -XX:ReservedCodeCacheSize=
#   JVM is running with Unscaled Compressed Oops mode in which the Java heap is
#     placed in the first 4GB address space. The Java Heap base address is the
#     maximum limit for the native heap growth. Please use -XX:HeapBaseMinAddress
#     to set the Java Heap base and to place the Java Heap above 4GB virtual address.
# This output file may be truncated or incomplete.
#
#  Out of Memory Error (os_windows.cpp:3548), pid=15860, tid=26992
#
# JRE version:  (17.0.12+8) (build )
# Java VM: Java HotSpot(TM) 64-Bit Server VM (17.0.12+8-LTS-286, mixed mode, sharing, tiered, compressed oops, compressed class ptrs, g1 gc, windows-amd64)
# No core dump will be written. Minidumps are not enabled by default on client versions of Windows
#

---------------  S U M M A R Y ------------

Command Line: -Dclassworlds.conf=C:\Program Files\NetBeans-22\netbeans\java\maven\bin\m2.conf -Dmaven.home=C:\Program Files\NetBeans-22\netbeans\java\maven -Dlibrary.jansi.path=C:\Program Files\NetBeans-22\netbeans\java\maven\lib\jansi-native -Dmaven.multiModuleProjectDirectory=C:\Users\josue\Documents\NetBeansProjects\SistemaDeAutentificacion org.codehaus.plexus.classworlds.launcher.Launcher -Dexec.vmArgs= -Dexec.args=${exec.vmArgs} -classpath %classpath ${exec.mainClass} ${exec.appArgs} -Dexec.appArgs= -Dexec.mainClass=com.mycompany.sistemadeautenticacion.VentanaPrincipal -Dexec.executable=C:\Program Files\Java\jdk-17\bin\java.exe -Dmaven.ext.class.path=C:\Program Files\NetBeans-22\netbeans\java\maven-nblib\netbeans-eventspy.jar --no-transfer-progress process-classes org.codehaus.mojo:exec-maven-plugin:3.1.0:exec

Host: 12th Gen Intel(R) Core(TM) i5-12450H, 12 cores, 7G,  Windows 11 , 64 bit Build 26100 (10.0.26100.7019)
Time: Mon Nov 17 15:49:30 2025 Hora est. Pacífico, Sudamérica elapsed time: 2.041547 seconds (0d 0h 0m 2s)

---------------  T H R E A D  ---------------

Current thread (0x000001a9ff8db5b0):  JavaThread "Unknown thread" [_thread_in_vm, id=26992, stack(0x0000003c47d00000,0x0000003c47e00000)]

Stack: [0x0000003c47d00000,0x0000003c47e00000]
Native frames: (J=compiled Java code, j=interpreted, Vv=VM code, C=native code)
V  [jvm.dll+0x67a04a]
V  [jvm.dll+0x7da4ed]
V  [jvm.dll+0x7dbe33]
V  [jvm.dll+0x7dc4a3]
V  [jvm.dll+0x24508f]
V  [jvm.dll+0x677089]
V  [jvm.dll+0x66bd32]
V  [jvm.dll+0x301fa6]
V  [jvm.dll+0x309546]
V  [jvm.dll+0x359d2e]
V  [jvm.dll+0x359f5f]
V  [jvm.dll+0x2d9078]
V  [jvm.dll+0x2d9fe4]
V  [jvm.dll+0x7aca21]
V  [jvm.dll+0x367591]
V  [jvm.dll+0x78b999]
V  [jvm.dll+0x3ec83f]
V  [jvm.dll+0x3ee471]
C  [jli.dll+0x5297]
C  [ucrtbase.dll+0x37b0]
C  [KERNEL32.DLL+0x2e8d7]
C  [ntdll.dll+0x8c53c]


---------------  P R O C E S S  ---------------

Threads class SMR info:
_java_thread_list=0x00007ffd14927a18, length=0, elements={
}

Java Threads: ( => current thread )

Other Threads:
  0x000001a9ff933fe0 GCTaskThread "GC Thread#0" [stack: 0x0000003c47e00000,0x0000003c47f00000] [id=9676]
  0x000001a9ff944620 ConcurrentGCThread "G1 Main Marker" [stack: 0x0000003c47f00000,0x0000003c48000000] [id=24288]
  0x000001a9ff9481e0 ConcurrentGCThread "G1 Conc#0" [stack: 0x0000003c48000000,0x0000003c48100000] [id=11312]

[error occurred during error reporting (printing all threads), id 0xc0000005, EXCEPTION_ACCESS_VIOLATION (0xc0000005) at pc=0x00007ffd14159b67]

VM state: not at safepoint (not fully initialized)

VM Mutex/Monitor currently owned by a thread:  ([mutex/lock_event])
[0x000001a9ff8d8980] Heap_lock - owner thread: 0x000001a9ff8db5b0

Heap address: 0x0000000084c00000, size: 1972 MB, Compressed Oops mode: 32-bit

CDS archive(s) mapped at: [0x0000000000000000-0x0000000000000000-0x0000000000000000), size 0, SharedBaseAddress: 0x0000000800000000, ArchiveRelocationMode: 1.
Narrow klass base: 0x0000000000000000, Narrow klass shift: 0, Narrow klass range: 0x0

GC Precious Log:
<Empty>

Heap:
 garbage-first heap   total 0K, used 0K [0x0000000084c00000, 0x0000000100000000)
  region size 1024K, 0 young (0K), 0 survivors (0K)

[error occurred during error reporting (printing heap information), id 0xc0000005, EXCEPTION_ACCESS_VIOLATION (0xc0000005) at pc=0x00007ffd14543859]

GC Heap History (0 events):
No events

Deoptimization events (0 events):
No events

Classes unloaded (0 events):
No events

Classes redefined (0 events):
No events

Internal exceptions (0 events):
No events

VM Operations (0 events):
No events

Events (1 events):
Event: 0.014 Loaded shared library C:\Program Files\Java\jdk-17\bin\java.dll


Dynamic libraries:
0x00007ff7a5860000 - 0x00007ff7a5870000 	C:\Program Files\Java\jdk-17\bin\java.exe
0x00007ffde0b20000 - 0x00007ffde0d88000 	C:\WINDOWS\SYSTEM32\ntdll.dll
0x00007ffdb2710000 - 0x00007ffdb2730000 	C:\Program Files\Avast Software\Avast\aswhook.dll
0x00007ffddf510000 - 0x00007ffddf5d9000 	C:\WINDOWS\System32\KERNEL32.DLL
0x00007ffdddc70000 - 0x00007ffdde068000 	C:\WINDOWS\System32\KERNELBASE.dll
0x00007ffdde280000 - 0x00007ffdde3cb000 	C:\WINDOWS\System32\ucrtbase.dll
0x00007ffdd5ee0000 - 0x00007ffdd5efb000 	C:\Program Files\Java\jdk-17\bin\VCRUNTIME140.dll
0x00007ffdd2210000 - 0x00007ffdd2229000 	C:\Program Files\Java\jdk-17\bin\jli.dll
0x00007ffde0a20000 - 0x00007ffde0ad4000 	C:\WINDOWS\System32\ADVAPI32.dll
0x00007ffdde8d0000 - 0x00007ffdde979000 	C:\WINDOWS\System32\msvcrt.dll
0x00007ffddeb70000 - 0x00007ffddec16000 	C:\WINDOWS\System32\sechost.dll
0x00007ffddf060000 - 0x00007ffddf178000 	C:\WINDOWS\System32\RPCRT4.dll
0x00007ffddff00000 - 0x00007ffde00c7000 	C:\WINDOWS\System32\USER32.dll
0x00007ffdb5ac0000 - 0x00007ffdb5d54000 	C:\WINDOWS\WinSxS\amd64_microsoft.windows.common-controls_6595b64144ccf1df_6.0.26100.7019_none_3e06ffa0e335b8a8\COMCTL32.dll
0x00007ffddf890000 - 0x00007ffddf8bb000 	C:\WINDOWS\System32\GDI32.dll
0x00007ffdde250000 - 0x00007ffdde277000 	C:\WINDOWS\System32\win32u.dll
0x00007ffdde070000 - 0x00007ffdde19c000 	C:\WINDOWS\System32\gdi32full.dll
0x00007ffdde3d0000 - 0x00007ffdde473000 	C:\WINDOWS\System32\msvcp_win.dll
0x00007ffdc95c0000 - 0x00007ffdc95cb000 	C:\WINDOWS\SYSTEM32\VERSION.dll
0x00007ffddef60000 - 0x00007ffddef91000 	C:\WINDOWS\System32\IMM32.DLL
0x00007ffdd6090000 - 0x00007ffdd609c000 	C:\Program Files\Java\jdk-17\bin\vcruntime140_1.dll
0x00007ffd87550000 - 0x00007ffd875de000 	C:\Program Files\Java\jdk-17\bin\msvcp140.dll
0x00007ffd13e70000 - 0x00007ffd14a50000 	C:\Program Files\Java\jdk-17\bin\server\jvm.dll
0x00007ffdded20000 - 0x00007ffdded28000 	C:\WINDOWS\System32\PSAPI.DLL
0x00007ffdd2920000 - 0x00007ffdd2955000 	C:\WINDOWS\SYSTEM32\WINMM.dll
0x00007ffdc7060000 - 0x00007ffdc706a000 	C:\WINDOWS\SYSTEM32\WSOCK32.dll
0x00007ffddf670000 - 0x00007ffddf6e4000 	C:\WINDOWS\System32\WS2_32.dll
0x00007ffddca00000 - 0x00007ffddca1b000 	C:\WINDOWS\SYSTEM32\kernel.appcore.dll
0x00007ffdd5ed0000 - 0x00007ffdd5eda000 	C:\Program Files\Java\jdk-17\bin\jimage.dll
0x00007ffddb340000 - 0x00007ffddb582000 	C:\WINDOWS\SYSTEM32\DBGHELP.DLL
0x00007ffddf180000 - 0x00007ffddf50b000 	C:\WINDOWS\System32\combase.dll
0x00007ffddf8c0000 - 0x00007ffddf997000 	C:\WINDOWS\System32\OLEAUT32.dll
0x00007ffdc8f70000 - 0x00007ffdc8fac000 	C:\WINDOWS\SYSTEM32\dbgcore.DLL
0x00007ffdde1a0000 - 0x00007ffdde245000 	C:\WINDOWS\System32\bcryptPrimitives.dll
0x00007ffdcbbd0000 - 0x00007ffdcbbf5000 	C:\Program Files\Java\jdk-17\bin\java.dll

dbghelp: loaded successfully - version: 4.0.5 - missing functions: none
symbol engine: initialized successfully - sym options: 0x614 - pdb path: .;C:\Program Files\Java\jdk-17\bin;C:\WINDOWS\SYSTEM32;C:\Program Files\Avast Software\Avast;C:\WINDOWS\WinSxS\amd64_microsoft.windows.common-controls_6595b64144ccf1df_6.0.26100.7019_none_3e06ffa0e335b8a8;C:\Program Files\Java\jdk-17\bin\server

VM Arguments:
jvm_args: -Dclassworlds.conf=C:\Program Files\NetBeans-22\netbeans\java\maven\bin\m2.conf -Dmaven.home=C:\Program Files\NetBeans-22\netbeans\java\maven -Dlibrary.jansi.path=C:\Program Files\NetBeans-22\netbeans\java\maven\lib\jansi-native -Dmaven.multiModuleProjectDirectory=C:\Users\josue\Documents\NetBeansProjects\SistemaDeAutentificacion 
java_command: org.codehaus.plexus.classworlds.launcher.Launcher -Dexec.vmArgs= -Dexec.args=${exec.vmArgs} -classpath %classpath ${exec.mainClass} ${exec.appArgs} -Dexec.appArgs= -Dexec.mainClass=com.mycompany.sistemadeautenticacion.VentanaPrincipal -Dexec.executable=C:\Program Files\Java\jdk-17\bin\java.exe -Dmaven.ext.class.path=C:\Program Files\NetBeans-22\netbeans\java\maven-nblib\netbeans-eventspy.jar --no-transfer-progress process-classes org.codehaus.mojo:exec-maven-plugin:3.1.0:exec
java_class_path (initial): C:\Program Files\NetBeans-22\netbeans\java\maven\boot\plexus-classworlds-2.7.0.jar
Launcher Type: SUN_STANDARD

[Global flags]
     intx CICompilerCount                          = 4                                         {product} {ergonomic}
     uint ConcGCThreads                            = 3                                         {product} {ergonomic}
     uint G1ConcRefinementThreads                  = 10                                        {product} {ergonomic}
   size_t G1HeapRegionSize                         = 1048576                                   {product} {ergonomic}
    uintx GCDrainStackTargetSize                   = 64                                        {product} {ergonomic}
   size_t InitialHeapSize                          = 130023424                                 {product} {ergonomic}
   size_t MarkStackSize                            = 4194304                                   {product} {ergonomic}
   size_t MaxHeapSize                              = 2067791872                                {product} {ergonomic}
   size_t MinHeapDeltaBytes                        = 1048576                                   {product} {ergonomic}
   size_t MinHeapSize                              = 8388608                                   {product} {ergonomic}
    uintx NonNMethodCodeHeapSize                   = 5839372                                {pd product} {ergonomic}
    uintx NonProfiledCodeHeapSize                  = 122909434                              {pd product} {ergonomic}
    uintx ProfiledCodeHeapSize                     = 122909434                              {pd product} {ergonomic}
    uintx ReservedCodeCacheSize                    = 251658240                              {pd product} {ergonomic}
     bool SegmentedCodeCache                       = true                                      {product} {ergonomic}
   size_t SoftMaxHeapSize                          = 2067791872                             {manageable} {ergonomic}
     bool UseCompressedClassPointers               = true                           {product lp64_product} {ergonomic}
     bool UseCompressedOops                        = true                           {product lp64_product} {ergonomic}
     bool UseG1GC                                  = true                                      {product} {ergonomic}
     bool UseLargePagesIndividualAllocation        = false                                  {pd product} {ergonomic}

Logging:
Log output configuration:
 #0: stdout all=warning uptime,level,tags
 #1: stderr all=off uptime,level,tags

Environment Variables:
JAVA_HOME=C:\Program Files\Java\jdk-17
PATH=C:\Program Files\Common Files\Oracle\Java\javapath;C:\WINDOWS\system32;C:\WINDOWS;C:\WINDOWS\System32\Wbem;C:\WINDOWS\System32\WindowsPowerShell\v1.0\;C:\WINDOWS\System32\OpenSSH\;C:\Program Files\Git\cmd;C:\Program Files\dotnet\;C:\Users\josue\AppData\Local\Programs\Python\Python313\Scripts\;C:\Users\josue\AppData\Local\Programs\Python\Python313\;C:\Users\josue\AppData\Local\Programs\Python\Launcher\;C:\Users\josue\AppData\Local\Microsoft\WindowsApps;C:\Users\josue\AppData\Local\Programs\Microsoft VS Code\bin
USERNAME=josue
OS=Windows_NT
PROCESSOR_IDENTIFIER=Intel64 Family 6 Model 154 Stepping 3, GenuineIntel



---------------  S Y S T E M  ---------------

OS:
 Windows 11 , 64 bit Build 26100 (10.0.26100.7019)
OS uptime: 1 days 0:12 hours
Hyper-V role detected

CPU: total 12 (initial active 12) (6 cores per cpu, 2 threads per core) family 6 model 154 stepping 3 microcode 0x433, cx8, cmov, fxsr, ht, mmx, 3dnowpref, sse, sse2, sse3, ssse3, sse4.1, sse4.2, popcnt, lzcnt, tsc, tscinvbit, avx, avx2, aes, erms, clmul, bmi1, bmi2, adx, sha, fma, vzeroupper, clflush, clflushopt, clwb, hv

Memory: 4k page, system-wide physical 7884M (919M free)
TotalPageFile size 32460M (AvailPageFile size 72M)
current process WorkingSet (physical memory assigned to process): 12M, peak: 12M
current process commit charge ("private bytes"): 64M, peak: 188M

vm_info: Java HotSpot(TM) 64-Bit Server VM (17.0.12+8-LTS-286) for windows-amd64 JRE (17.0.12+8-LTS-286), built on Jun  5 2024 06:46:59 by "mach5one" with MS VC++ 17.6 (VS2022)

END.
